[2026-08-31T18:34:45+00:00] Fetching data.json...
[2026-08-31T18:34:45+00:00] data.json OK — 658 rows
[2026-08-31T18:34:45+00:00] Fetching history.json...
[2026-08-31T18:34:45+00:00] history.json OK
[2026-08-31T18:34:45+00:00] Done
[2026-09-01T06:00:01+00:00] Fetching data.json...
[2026-09-01T06:00:02+00:00] data.json OK — 657 rows
[2026-09-01T06:00:02+00:00] Fetching history.json...
[2026-09-01T06:00:02+00:00] history.json OK
[2026-09-01T06:00:02+00:00] Done
[2026-09-02T06:00:01+00:00] Fetching data.json...
[2026-09-02T06:00:02+00:00] data.json OK — 644 rows
[2026-09-02T06:00:02+00:00] Fetching history.json...
[2026-09-02T06:00:03+00:00] history.json OK
[2026-09-02T06:00:03+00:00] Done
[2026-09-03T06:00:01+00:00] Fetching data.json...
[2026-09-03T06:00:02+00:00] data.json OK — 655 rows
[2026-09-03T06:00:02+00:00] Fetching history.json...
[2026-09-03T06:00:02+00:00] history.json OK
[2026-09-03T06:00:02+00:00] Done
[2026-09-04T06:00:01+00:00] Fetching data.json...
[2026-09-04T06:00:02+00:00] data.json OK — 664 rows
[2026-09-04T06:00:02+00:00] Fetching history.json...
[2026-09-04T06:00:02+00:00] history.json OK
[2026-09-04T06:00:02+00:00] Done
[2026-09-05T06:00:01+00:00] Fetching data.json...
[2026-09-05T06:00:01+00:00] data.json OK — 649 rows
[2026-09-05T06:00:02+00:00] Fetching history.json...
[2026-09-05T06:00:02+00:00] history.json OK
[2026-09-05T06:00:02+00:00] Done
[2026-09-06T06:00:02+00:00] Fetching data.json...
[2026-09-06T06:00:02+00:00] data.json OK — 660 rows
[2026-09-06T06:00:02+00:00] Fetching history.json...
[2026-09-06T06:00:03+00:00] history.json OK
[2026-09-06T06:00:03+00:00] Done
[2026-09-07T06:00:01+00:00] Fetching data.json...
[2026-09-07T06:00:02+00:00] data.json OK — 660 rows
[2026-09-07T06:00:02+00:00] Fetching history.json...
[2026-09-07T06:00:03+00:00] history.json OK
[2026-09-07T06:00:03+00:00] Done
[2026-09-08T06:00:01+00:00] Fetching data.json...
[2026-09-08T06:00:02+00:00] data.json OK — 631 rows
[2026-09-08T06:00:02+00:00] Fetching history.json...
[2026-09-08T06:00:03+00:00] history.json OK
[2026-09-08T06:00:03+00:00] Done
[2026-09-09T06:00:01+00:00] Fetching data.json...
[2026-09-09T06:00:02+00:00] data.json OK — 658 rows
[2026-09-09T06:00:02+00:00] Fetching history.json...
[2026-09-09T06:00:02+00:00] history.json OK
[2026-09-09T06:00:02+00:00] Done
[2026-09-10T06:00:01+00:00] Fetching data.json...
[2026-09-10T06:00:02+00:00] data.json OK — 643 rows
[2026-09-10T06:00:02+00:00] Fetching history.json...
[2026-09-10T06:00:02+00:00] history.json OK
[2026-09-10T06:00:02+00:00] Done
[2026-09-11T06:00:01+00:00] Fetching data.json...
[2026-09-11T06:00:02+00:00] data.json OK — 643 rows
[2026-09-11T06:00:02+00:00] Fetching history.json...
[2026-09-11T06:00:02+00:00] history.json OK
[2026-09-11T06:00:02+00:00] Done
[2026-09-12T06:00:01+00:00] Fetching data.json...
[2026-09-12T06:00:02+00:00] data.json OK — 604 rows
[2026-09-12T06:00:02+00:00] Fetching history.json...
[2026-09-12T06:00:02+00:00] history.json OK
[2026-09-12T06:00:02+00:00] Done
[2026-09-13T06:00:01+00:00] Fetching data.json...
[2026-09-13T06:00:02+00:00] data.json OK — 641 rows
[2026-09-13T06:00:02+00:00] Fetching history.json...
[2026-09-13T06:00:02+00:00] history.json OK
[2026-09-13T06:00:02+00:00] Done
[2026-09-14T06:00:01+00:00] Fetching data.json...
[2026-09-14T06:00:02+00:00] data.json OK — 644 rows
[2026-09-14T06:00:02+00:00] Fetching history.json...
[2026-09-14T06:00:02+00:00] history.json OK
[2026-09-14T06:00:02+00:00] Done
[2026-09-15T06:00:01+00:00] Fetching data.json...
[2026-09-15T06:00:02+00:00] data.json OK — 641 rows
[2026-09-15T06:00:02+00:00] Fetching history.json...
[2026-09-15T06:00:03+00:00] history.json OK
[2026-09-15T06:00:03+00:00] Done
[2026-09-16T06:00:01+00:00] Fetching data.json...
[2026-09-16T06:00:02+00:00] data.json OK — 657 rows
[2026-09-16T06:00:02+00:00] Fetching history.json...
[2026-09-16T06:00:03+00:00] history.json OK
[2026-09-16T06:00:03+00:00] Done
[2026-09-17T06:00:01+00:00] Fetching data.json...
[2026-09-17T06:00:02+00:00] data.json OK — 627 rows
[2026-09-17T06:00:02+00:00] Fetching history.json...
[2026-09-17T06:00:03+00:00] history.json OK
[2026-09-17T06:00:03+00:00] Done
[2026-09-18T06:00:01+00:00] Fetching data.json...
[2026-09-18T06:00:02+00:00] data.json OK — 663 rows
[2026-09-18T06:00:02+00:00] Fetching history.json...
[2026-09-18T06:00:02+00:00] history.json OK
[2026-09-18T06:00:02+00:00] Done
[2026-09-19T06:00:01+00:00] Fetching data.json...
[2026-09-19T06:00:02+00:00] data.json OK — 641 rows
[2026-09-19T06:00:02+00:00] Fetching history.json...
[2026-09-19T06:00:02+00:00] history.json OK
[2026-09-19T06:00:02+00:00] Done
